|  RAM[0]  | RAM[256] | RAM[257] | RAM[258] | RAM[259] |
|       3  |      -1  |     892  |     891  |       0  |
